// Jest Snapshot v1, https://goo.gl/fbAQLP

exports[`Examples snapshot 1`] = `
<div
  className="about"
>
  <h2>
    The why
  </h2>
  <p />
</div>
`;
