// Jest Snapshot v1, https://goo.gl/fbAQLP

exports[`create model 1`] = `"{"choices":[{"key":"isinCode","prefix":"Isin","agGridColumn":"isinCode","choiceDisplayName":"Isin","regExMatch":{}},{"key":"haircutCategory","prefix":"Haircut Cut","options":[],"agGridColumn":"haircutCategory","choiceDisplayName":"Haircut Cut"},{"key":"type","prefix":"type","options":[],"agGridColumn":"type","choiceDisplayName":"Type"},{"key":"refMarket","prefix":"ref mkt","options":[],"agGridColumn":"refMarket","choiceDisplayName":"Reference Market"},{"key":"demonination","prefix":"demon","options":[],"agGridColumn":"demonination","choiceDisplayName":"Demonination"},{"key":"coupon","prefix":"coupon rate","agGridColumn":"couponRate","choiceDisplayName":"Coupon Rate","regExMatch":{},"filterType":"number","replaceExisting":true},{"key":"issuranceDate","prefix":"issurance date","choiceDisplayName":"Issurance Date","regExMatch":{},"agGridColumn":"issuranceDate","filterType":"date","replaceExisting":true},{"key":"maturityDate","prefix":"maturity date","choiceDisplayName":"Maturity Date","regExMatch":{},"agGridColumn":"maturityDate","filterType":"date","replaceExisting":true},{"key":"issuerCsd","prefix":"csd","options":[],"agGridColumn":"issuerCsd","choiceDisplayName":"Issuer CSD"},{"key":"issuerName","prefix":"issuerName","choiceDisplayName":"Issuer Name","agGridColumn":"issuerName","regExMatch":{},"replaceExisting":true},{"key":"issuerResidence","prefix":"issuer res","options":[],"agGridColumn":"issuerResidence","choiceDisplayName":"Issuser Residence"},{"key":"issuerGroup","prefix":"issuer grp","options":[],"agGridColumn":"issuerGroup","choiceDisplayName":"Issuer Group"},{"key":"guarantorName","prefix":"guarantorName","choiceDisplayName":"Guarantor Name","agGridColumn":"guarantorName","regExMatch":{},"replaceExisting":true},{"key":"guarantorResidence","prefix":"guarantor res","options":[],"agGridColumn":"guarantorResidence","choiceDisplayName":"Guarantor Residence"},{"key":"guarantorGroup","prefix":"guarantor grp","options":[],"agGridColumn":"guarantorGroup","choiceDisplayName":"Guarantor Group"},{"key":"couponDef","prefix":"coupon def","options":[],"agGridColumn":"couponDef","choiceDisplayName":"Coupon Definition"},{"key":"haircut","prefix":"haircut","choiceDisplayName":"Haircut","agGridColumn":"haircut","regExMatch":{},"filterType":"number","replaceExisting":true}],"columnDefs":[{"field":"isinCode","headerName":"ISIN Code","filter":"agSetColumnFilter","resizable":true,"width":150},{"field":"haircutCategory","headerName":"Haircut Category","filter":"agSetColumnFilter","resizable":true,"width":120},{"field":"type","headerName":"Type","filter":"agSetColumnFilter","resizable":true,"width":90},{"field":"refMarket","headerName":"Reference","filter":"agSetColumnFilter","resizable":true,"width":120},{"field":"demonination","headerName":"Demonination","filter":"agSetColumnFilter","resizable":true,"width":140},{"field":"issuranceDate","headerName":"Issuance Date","filter":"agDateColumnFilter","filterParams":{},"resizable":true,"width":130},{"field":"maturityDate","headerName":"Maturity Date","filter":"agDateColumnFilter","filterParams":{},"resizable":true,"width":130},{"field":"issuerCsd","headerName":"Issuer CSD","filter":"agSetColumnFilter","resizable":true,"width":120},{"field":"couponRate","headerName":"Coupon Rate","filter":"agNumberColumnFilter","resizable":true,"width":140},{"field":"issuerName","headerName":"Issuer Name","filter":"agTextColumnFilter","resizable":true,"width":300},{"field":"issuerResidence","headerName":"Issuer Residence","filter":"agSetColumnFilter","resizable":true,"width":130},{"field":"issuerGroup","headerName":"Issuer Group","filter":"agSetColumnFilter","resizable":true,"width":130},{"field":"guarantorName","headerName":"Guarantor Name","filter":"agTextColumnFilter","resizable":true,"width":300},{"field":"guarantorResidence","headerName":"Guarantor Residence","filter":"agSetColumnFilter","resizable":true,"width":130},{"field":"guarantorGroup","headerName":"Guarantor Group","filter":"agSetColumnFilter","resizable":true,"width":130},{"field":"couponDef","headerName":"Coupon Definition","filter":"agSetColumnFilter","resizable":true,"width":130},{"field":"haircut","headerName":"Haircut","filter":"agNumberColumnFilter","resizable":true,"width":150}],"rowData":[]}"`;

exports[`model functions create model 1`] = `"{"choices":[{"key":"isinCode","prefix":"Isin","agGridColumn":"isinCode","choiceDisplayName":"Isin","regExMatch":{}},{"key":"haircutCategory","prefix":"Haircut Cut","options":[],"agGridColumn":"haircutCategory","choiceDisplayName":"Haircut Cut"},{"key":"type","prefix":"type","options":[],"agGridColumn":"type","choiceDisplayName":"Type"},{"key":"refMarket","prefix":"ref mkt","options":[],"agGridColumn":"refMarket","choiceDisplayName":"Reference Market"},{"key":"demonination","prefix":"demon","options":[],"agGridColumn":"demonination","choiceDisplayName":"Demonination"},{"key":"coupon","prefix":"coupon rate","agGridColumn":"couponRate","choiceDisplayName":"Coupon Rate","regExMatch":{},"filterType":"number","replaceExisting":true},{"key":"issuranceDate","prefix":"issurance date","choiceDisplayName":"Issurance Date","regExMatch":{},"agGridColumn":"issuranceDate","filterType":"date","replaceExisting":true},{"key":"maturityDate","prefix":"maturity date","choiceDisplayName":"Maturity Date","regExMatch":{},"agGridColumn":"maturityDate","filterType":"date","replaceExisting":true},{"key":"issuerCsd","prefix":"csd","options":[],"agGridColumn":"issuerCsd","choiceDisplayName":"Issuer CSD"},{"key":"issuerName","prefix":"issuerName","choiceDisplayName":"Issuer Name","agGridColumn":"issuerName","regExMatch":{},"replaceExisting":true},{"key":"issuerResidence","prefix":"issuer res","options":[],"agGridColumn":"issuerResidence","choiceDisplayName":"Issuser Residence"},{"key":"issuerGroup","prefix":"issuer grp","options":[],"agGridColumn":"issuerGroup","choiceDisplayName":"Issuer Group"},{"key":"guarantorName","prefix":"guarantorName","choiceDisplayName":"Guarantor Name","agGridColumn":"guarantorName","regExMatch":{},"replaceExisting":true},{"key":"guarantorResidence","prefix":"guarantor res","options":[],"agGridColumn":"guarantorResidence","choiceDisplayName":"Guarantor Residence"},{"key":"guarantorGroup","prefix":"guarantor grp","options":[],"agGridColumn":"guarantorGroup","choiceDisplayName":"Guarantor Group"},{"key":"couponDef","prefix":"coupon def","options":[],"agGridColumn":"couponDef","choiceDisplayName":"Coupon Definition"},{"key":"haircut","prefix":"haircut","choiceDisplayName":"Haircut","agGridColumn":"haircut","regExMatch":{},"filterType":"number","replaceExisting":true}],"columnDefs":[{"field":"isinCode","headerName":"ISIN Code","filter":"agSetColumnFilter","resizable":true,"width":150},{"field":"haircutCategory","headerName":"Haircut Category","filter":"agSetColumnFilter","resizable":true,"width":120},{"field":"type","headerName":"Type","filter":"agSetColumnFilter","resizable":true,"width":90},{"field":"refMarket","headerName":"Reference","filter":"agSetColumnFilter","resizable":true,"width":120},{"field":"demonination","headerName":"Demonination","filter":"agSetColumnFilter","resizable":true,"width":140},{"field":"issuranceDate","headerName":"Issuance Date","filter":"agDateColumnFilter","filterParams":{},"resizable":true,"width":130},{"field":"maturityDate","headerName":"Maturity Date","filter":"agDateColumnFilter","filterParams":{},"resizable":true,"width":130},{"field":"issuerCsd","headerName":"Issuer CSD","filter":"agSetColumnFilter","resizable":true,"width":120},{"field":"couponRate","headerName":"Coupon Rate","filter":"agNumberColumnFilter","resizable":true,"width":140},{"field":"issuerName","headerName":"Issuer Name","filter":"agTextColumnFilter","resizable":true,"width":300},{"field":"issuerResidence","headerName":"Issuer Residence","filter":"agSetColumnFilter","resizable":true,"width":130},{"field":"issuerGroup","headerName":"Issuer Group","filter":"agSetColumnFilter","resizable":true,"width":130},{"field":"guarantorName","headerName":"Guarantor Name","filter":"agTextColumnFilter","resizable":true,"width":300},{"field":"guarantorResidence","headerName":"Guarantor Residence","filter":"agSetColumnFilter","resizable":true,"width":130},{"field":"guarantorGroup","headerName":"Guarantor Group","filter":"agSetColumnFilter","resizable":true,"width":130},{"field":"couponDef","headerName":"Coupon Definition","filter":"agSetColumnFilter","resizable":true,"width":130},{"field":"haircut","headerName":"Haircut","filter":"agNumberColumnFilter","resizable":true,"width":150}],"rowData":[]}"`;

exports[`model functions uniqueValues 1`] = `"["L1C","L1D"]"`;
